// Vitest Snapshot v1

exports[`BaseDropdown Component > checks item slot 1`] = `"<li data-test=\\"menu-item\\" role=\\"menuitem\\" class=\\"mb-1 last:mb-0\\"><button data-id=\\"profile\\" data-icon=\\"profileOutline\\" data-color=\\"w-6 h-6 text-gray-dark\\">Профиль</button></li>"`;
